/last30days · researching: gym and studio owner problems
⏳ [95mProcessing[0m Organizing findings...
[Planner] Plan: intent=opinion, freshness=balanced_recent, cluster_mode=debate, subqueries=3, source=external
[Planner]   sq1 label=primary search="gym owner member retention leads churn" sources=[reddit,youtube,hackernews]
[Planner]   sq2 label=software search="Mindbody Glofox PushPress studio software" sources=[reddit,youtube]
[Planner]   sq3 label=marketing search="boutique fitness studio marketing instagram leads" sources=[reddit,youtube]
[HN] Searching for 'gym owner member retention leads churn' (raw: 'gym owner member retention leads churn', since 2026-08-28, count=30)
[YouTube] Searching YouTube for 'gym studio owner problems' (since 2026-08-28, count=8)
[YouTube] YouTube search awaiting in-flight query for 'gym studio owner problems'
[YouTube] YouTube search awaiting in-flight query for 'gym studio owner problems'
[HN] Filtered 6/7 low-engagement stories
[HN] Found 1 stories
[HN] Prefix filter removed 1/1 false-positive hits for 'gym owner member retention leads churn'
[YouTube] Found 8 videos (1 within date range, keeping all)
[YouTube] YouTube search cache hit for 'gym studio owner problems' (count=8)
[YouTube] Fetching transcripts for up to 6 videos (target: 2): ['m-0e8XSqVXM', 'bQGBq_P8ki4', 'EFedQ1z5cuI', 'zy2ZQAAsKUA', 'rYIWoiNy3mY', 'rHlQW4e8fKY']
[YouTube] Fetching transcripts for 6 videos
[YouTube] YouTube search cache hit for 'gym studio owner problems' (count=8)
[YouTube] Fetching transcripts for up to 6 videos (target: 2): ['m-0e8XSqVXM', 'bQGBq_P8ki4', 'EFedQ1z5cuI', 'zy2ZQAAsKUA', 'rYIWoiNy3mY', 'rHlQW4e8fKY']
[YouTube] Fetching transcripts for 6 videos
[YouTube] YouTube search cache hit for 'gym studio owner problems' (count=8)
[YouTube] Fetching transcripts for up to 6 videos (target: 2): ['m-0e8XSqVXM', 'bQGBq_P8ki4', 'EFedQ1z5cuI', 'zy2ZQAAsKUA', 'rYIWoiNy3mY', 'rHlQW4e8fKY']
[YouTube] Fetching transcripts for 6 videos
[ArcticShift] listing search failed r/gymowners: HTTP 500: Internal Server Error
[ArcticShift] listing search failed r/gymowners: HTTP 500: Internal Server Error
[ArcticShift] listing search failed r/fitnessbusiness: HTTP 500: Internal Server Error
[ArcticShift] listing search failed r/gymowners: HTTP 500: Internal Server Error
[ArcticShift] listing search failed r/fitnessbusiness: HTTP 500: Internal Server Error
[ArcticShift] listing search failed r/yogateachers: HTTP 500: Internal Server Error
[ArcticShift] listing search failed r/fitnessbusiness: HTTP 500: Internal Server Error
[ArcticShift] listing search failed r/yogateachers: HTTP 500: Internal Server Error
[ArcticShift] listing search failed r/yogateachers: HTTP 500: Internal Server Error
[ArcticShift] listing search failed r/pilates: HTTP 500: Internal Server Error
[ArcticShift] listing search failed r/pilates: HTTP 500: Internal Server Error
[ArcticShift] listing search failed r/crossfit: HTTP 500: Internal Server Error
[ArcticShift] listing search failed r/pilates: HTTP 500: Internal Server Error
[ArcticShift] listing search failed r/crossfit: HTTP 500: Internal Server Error
[ArcticShift] listing search failed r/crossfit: HTTP 500: Internal Server Error
[ArcticShift] listing search failed r/smallbusiness: HTTP 500: Internal Server Error
[RedditKeyless] Tier 1 (RSS) 22 posts; listing discovery 162; 162 scored cards
[ArcticShift] listing search failed r/smallbusiness: HTTP 500: Internal Server Error
[RedditKeyless] Tier 1 (RSS) 25 posts; listing discovery 162; 162 scored cards
[ArcticShift] listing search failed r/smallbusiness: HTTP 500: Internal Server Error
[RedditKeyless] Tier 1 (RSS) 25 posts; listing discovery 162; 162 scored cards
[ArcticShift] lookup failed (HTTP 500: Internal Server Error); 33 ids left unscored
[RedditKeyless] Relevance floor dropped 161 off-topic posts
[ArcticShift] lookup failed (HTTP 500: Internal Server Error); 33 ids left unscored
[RedditKeyless] Relevance floor dropped 161 off-topic posts
[ArcticShift] lookup failed (HTTP 500: Internal Server Error); 33 ids left unscored
[RedditKeyless] Relevance floor dropped 161 off-topic posts
[Reddit] relevance prune dropped 6 of 20 items below the relevance/engagement floor
[Reddit] relevance prune dropped 11 of 20 items below the relevance/engagement floor
[Reddit] relevance prune dropped 12 of 20 items below the relevance/engagement floor
[YouTube] Got transcripts for 6/6 videos (0 failed)
[YouTube] Enriching comments for 3 YouTube videos
[YouTube] Got transcripts for 6/6 videos (0 failed)
[YouTube] Enriching comments for 3 YouTube videos
[YouTube] Got transcripts for 6/6 videos (0 failed)
[YouTube] Enriching comments for 3 YouTube videos
[YouTube] Enriched 2/3 videos with comments
[YouTube] Enriched 2/3 videos with comments
[YouTube] Enriched 2/3 videos with comments
[HN] Searching for 'gym studio owner' (raw: 'gym studio owner', since 2026-08-28, count=30)
[HN] Filtered 6/7 low-engagement stories
[HN] Found 1 stories
[HN] Prefix filter removed 1/1 false-positive hits for 'gym studio owner'
✓ Research complete (197.2s) - Reddit: 14 threads, YouTube: 1 video, HN: 0 stories, Polymarket: 0 markets, Github: 0 results
[last30days] Saved output to D:\Vibe-coding\ZAID-WEBSITE\research\niche-deep\gym\last30days\gym-and-studio-owner-problems-raw-v3.md

Optional source omitted: X/Twitter was not enabled; research continued with the available sources.
